Microsoft Windows [Version 10.0.19044.3208]
(c) Microsoft Corporation. All rights reserved.

C:\Users\e019898>git --version
git version 2.41.0.windows.3

C:\Users\e019898>git config --global user.name "naraharirachana01"

C:\Users\e019898>git config --global user.email "naraharirachana01@gmail.com"

C:\Users\e019898>git config --global user.email
naraharirachana01@gmail.com

C:\Users\e019898>git config --global --list
user.name=naraharirachana01
user.email=naraharirachana01@gmail.com

C:\Users\e019898>cd \

C:\>cd C:\test\gitLabPractise

C:\test\gitLabPractise>cd practise

C:\test\gitLabPractise\practise>git init
Initialized empty Git repository in C:/test/gitLabPractise/practise/.git/

C:\test\gitLabPractise\practise>git status
On branch master

No commits yet

nothing to commit (create/copy files and use "git add" to track)

C:\test\gitLabPractise\practise>git status
On branch master

No commits yet

Untracked files:
  (use "git add <file>..." to include in what will be committed)
        file1.txt

nothing added to commit but untracked files present (use "git add" to track)

C:\test\gitLabPractise\practise>git add file1.txt

C:\test\gitLabPractise\practise>git status
On branch master

No commits yet

Changes to be committed:
  (use "git rm --cached <file>..." to unstage)
        new file:   file1.txt


C:\test\gitLabPractise\practise>git commit -m "first commit"
[master (root-commit) b70cef1] first commit
 1 file changed, 0 insertions(+), 0 deletions(-)
 create mode 100644 file1.txt

C:\test\gitLabPractise\practise>git push -u "https://gitlab.com/bootcamp602732/practise.git" master
fatal: User cancelled dialog.
Username for 'https://gitlab.com':
C:\test\gitLabPractise\practise>git push -uf origin main
error: src refspec main does not match any
error: failed to push some refs to 'origin'

C:\test\gitLabPractise\practise>git commit -m "first commit"
On branch master
nothing to commit, working tree clean

C:\test\gitLabPractise\practise>git push -u "https://gitlab.com/bootcamp602732/practise.git" master
info: please complete authentication in your browser...
Enumerating objects: 3, done.
Counting objects: 100% (3/3), done.
Writing objects: 100% (3/3), 211 bytes | 211.00 KiB/s, done.
Total 3 (delta 0), reused 0 (delta 0), pack-reused 0
remote:
remote: To create a merge request for master, visit:
remote:   https://gitlab.com/bootcamp602732/practise/-/merge_requests/new?merge_request%5Bsource_branch%5D=master
remote:
To https://gitlab.com/bootcamp602732/practise.git
 * [new branch]      master -> master
branch 'master' set up to track 'https://gitlab.com/bootcamp602732/practise.git/master'.

C:\test\gitLabPractise\practise>